// Jest Snapshot v1, https://goo.gl/fbAQLP

exports[`at least one validation valid or query 1`] = `
query {
  findManyUser(where: {
    OR: [
      {
        email: ""
      }
    ]
  }) {
    id
    name
    email
    status
    nicknames
    permissions
    favoriteTree
    locationId
    someFloats
  }
}
`;
