// Jest Snapshot v1, https://goo.gl/fbAQLP

exports[`disconnect-finally 1`] = `[]`;
