// Jest Snapshot v1, https://goo.gl/fbAQLP

exports[`format should add a trailing EOL 1`] = `
generator client {
  provider = "prisma-client-js"
  output   = "../generated/client"
}

datasource db {
  provider = "sqlite"
  url      = "file:dev.db"
}

model Post {
  id        Int      @id @default(autoincrement())
  createdAt DateTime @default(now())
  title     String
  content   String?
  published Boolean  @default(false)
  author    User     @relation(fields: [authorId], references: [id])
  authorId  Int
}

model Profile {
  id     Int     @id @default(autoincrement())
  bio    String?
  user   User    @relation(fields: [userId], references: [id])
  userId Int     @unique
}

model User {
  id      Int      @id @default(autoincrement())
  email   String   @unique
  name    String?
  posts   Post[]
  profile Profile?
}

`;

exports[`format should add missing backrelation 1`] = `
generator client {
  provider = "prisma-client-js"
  output   = "../generated/client"
}

datasource db {
  provider = "sqlite"
  url      = "file:dev.db"
}

model Post {
  id     Int  @id
  user   User @relation(fields: [userId], references: [id])
  userId Int
}

model User {
  id    Int    @id
  posts Post[]
}

`;
