// Jest Snapshot v1, https://goo.gl/fbAQLP

exports[`introspection: create bigint data: datamodel 1`] = `
generator client {
  provider = "prisma-client-js"
  output = "***"
}

datasource mysql {
  provider = "mysql"
  url = "***"
}

model migrate {
  version BigInt @id
}

`;

exports[`introspection: create bigint data: warnings 1`] = `[]`;

exports[`introspection: create with data: datamodel 1`] = `
generator client {
  provider = "prisma-client-js"
  output = "***"
}

datasource mysql {
  provider = "mysql"
  url = "***"
}

model teams {
  id   BigInt @id @default(autoincrement()) @mysql.UnsignedBigInt
  name String @unique(map: "name") @mysql.VarChar(50)
}

`;

exports[`introspection: create with data: warnings 1`] = `[]`;

exports[`introspection: create with empty data and SQL default: datamodel 1`] = `
generator client {
  provider = "prisma-client-js"
  output = "***"
}

datasource mysql {
  provider = "mysql"
  url = "***"
}

model teams {
  id   BigInt @id @default(autoincrement()) @mysql.UnsignedBigInt
  name String @default("alice") @mysql.VarChar(50)
}

`;

exports[`introspection: create with empty data and SQL default: warnings 1`] = `[]`;

exports[`introspection: delete where composite PK: datamodel 1`] = `
generator client {
  provider = "prisma-client-js"
  output = "***"
}

datasource mysql {
  provider = "mysql"
  url = "***"
}

model variables {
  name  String @mysql.VarChar(50)
  key   String @mysql.VarChar(50)
  value String @mysql.VarChar(50)
  email String @mysql.VarChar(50)

  @@id([name, key])
}

`;

exports[`introspection: delete where composite PK: warnings 1`] = `[]`;

exports[`introspection: delete where composite unique: datamodel 1`] = `
generator client {
  provider = "prisma-client-js"
  output = "***"
}

datasource mysql {
  provider = "mysql"
  url = "***"
}

model users {
  id    BigInt @id @default(autoincrement()) @mysql.UnsignedBigInt
  email String @mysql.VarChar(50)
  name  String @mysql.VarChar(50)

  @@unique([email, name])
}

`;

exports[`introspection: delete where composite unique: warnings 1`] = `[]`;

exports[`introspection: deleteMany where enum - check count: datamodel 1`] = `
generator client {
  provider = "prisma-client-js"
  output = "***"
}

datasource mysql {
  provider = "mysql"
  url = "***"
}

model posts {
  id        BigInt          @id @default(autoincrement()) @mysql.UnsignedBigInt
  title     String          @mysql.VarChar(50)
  published posts_published @default(DRAFT)
}

enum posts_published {
  DRAFT
  PUBLISHED
}

`;

exports[`introspection: deleteMany where enum - check count: warnings 1`] = `[]`;

exports[`introspection: deleteMany where enum - check findMany: datamodel 1`] = `
generator client {
  provider = "prisma-client-js"
  output = "***"
}

datasource mysql {
  provider = "mysql"
  url = "***"
}

model posts {
  id        BigInt          @id @default(autoincrement()) @mysql.UnsignedBigInt
  title     String          @mysql.VarChar(50)
  published posts_published @default(DRAFT)
}

enum posts_published {
  DRAFT
  PUBLISHED
}

`;

exports[`introspection: deleteMany where enum - check findMany: warnings 1`] = `[]`;

exports[`introspection: findMany - default enum: datamodel 1`] = `
generator client {
  provider = "prisma-client-js"
  output = "***"
}

datasource mysql {
  provider = "mysql"
  url = "***"
}

model posts {
  id        BigInt          @id @default(autoincrement()) @mysql.UnsignedBigInt
  title     String          @mysql.VarChar(50)
  published posts_published @default(DRAFT)
}

enum posts_published {
  DRAFT
  PUBLISHED
}

`;

exports[`introspection: findMany - default enum: warnings 1`] = `[]`;

exports[`introspection: findMany - email text: datamodel 1`] = `
generator client {
  provider = "prisma-client-js"
  output = "***"
}

datasource mysql {
  provider = "mysql"
  url = "***"
}

model users {
  id    BigInt  @id @default(autoincrement()) @mysql.UnsignedBigInt
  email String? @mysql.Text
}

`;

exports[`introspection: findMany - email text: warnings 1`] = `[]`;

exports[`introspection: findMany - email varchar(50) not null unique: datamodel 1`] = `
generator client {
  provider = "prisma-client-js"
  output = "***"
}

datasource mysql {
  provider = "mysql"
  url = "***"
}

model users {
  id    BigInt @id @default(autoincrement()) @mysql.UnsignedBigInt
  email String @unique(map: "email") @mysql.VarChar(50)
}

`;

exports[`introspection: findMany - email varchar(50) not null unique: warnings 1`] = `[]`;

exports[`introspection: findMany on column_name_that_becomes_empty_string: datamodel 1`] = `
generator client {
  provider = "prisma-client-js"
  output = "***"
}

datasource mysql {
  provider = "mysql"
  url = "***"
}

model column_name_that_becomes_empty_string {
  field1 Int @id @default(autoincrement())
  /// This field was commented out because of an invalid name. Please provide a valid one that matches [a-zA-Z][a-zA-Z0-9_]*
  // 12345 Int? @map("12345")
}

model invalid_enum_value_name {
  field1       Int                                   @id @default(autoincrement())
  here_be_enum invalid_enum_value_name_here_be_enum?
}

/// The underlying table does not contain a valid unique identifier and can therefore currently not be handled by the Prisma Client.
model no_unique_identifier {
  field1 Int?
  field2 Int?

  @@ignore
}

model unsupported_type {
  field1      Int    @id @default(autoincrement())
  unsupported Bytes? @mysql.Binary(50)
}

enum invalid_enum_value_name_here_be_enum {
  Y
  N
  // 123 @map("123")
  // $ยง! @map("$ยง!")
}

`;

exports[`introspection: findMany on column_name_that_becomes_empty_string: warnings 1`] = `
[
  {
    affected: [
      {
        model: no_unique_identifier,
      },
    ],
    code: 1,
    message: The following models were commented out as they do not have a valid unique identifier or id. This is currently not supported by the Prisma Client.,
  },
  {
    affected: [
      {
        enm: invalid_enum_value_name_here_be_enum,
        value: 123,
      },
      {
        enm: invalid_enum_value_name_here_be_enum,
        value: $ยง!,
      },
    ],
    code: 4,
    message: These enum values were commented out because their names are currently not supported by Prisma. Please provide valid ones that match [a-zA-Z][a-zA-Z0-9_]* using the \`@map\` attribute.,
  },
  {
    affected: [
      {
        field: 12345,
        model: column_name_that_becomes_empty_string,
      },
    ],
    code: 2,
    message: These fields were commented out because their names are currently not supported by Prisma. Please provide valid ones that match [a-zA-Z][a-zA-Z0-9_]* using the \`@map\` attribute.,
  },
]
`;

exports[`introspection: findMany orderBy asc: datamodel 1`] = `
generator client {
  provider = "prisma-client-js"
  output = "***"
}

datasource mysql {
  provider = "mysql"
  url = "***"
}

model posts {
  id        BigInt  @id @default(autoincrement()) @mysql.UnsignedBigInt
  title     String  @mysql.VarChar(50)
  published Boolean @default(false)
}

`;

exports[`introspection: findMany orderBy asc: warnings 1`] = `[]`;

exports[`introspection: findMany orderBy desc: datamodel 1`] = `
generator client {
  provider = "prisma-client-js"
  output = "***"
}

datasource mysql {
  provider = "mysql"
  url = "***"
}

model posts {
  id        BigInt  @id @default(autoincrement()) @mysql.UnsignedBigInt
  title     String  @mysql.VarChar(50)
  published Boolean @default(false)
}

`;

exports[`introspection: findMany orderBy desc: warnings 1`] = `[]`;

exports[`introspection: findMany where - case insensitive field: datamodel 1`] = `
generator client {
  provider = "prisma-client-js"
  output = "***"
}

datasource mysql {
  provider = "mysql"
  url = "***"
}

model users {
  id    BigInt @id @default(autoincrement()) @mysql.UnsignedBigInt
  email String @unique(map: "email") @mysql.VarChar(50)
}

`;

exports[`introspection: findMany where - case insensitive field: warnings 1`] = `[]`;

exports[`introspection: findMany where OR[contains, contains] : datamodel 1`] = `
generator client {
  provider = "prisma-client-js"
  output = "***"
}

datasource mysql {
  provider = "mysql"
  url = "***"
}

model posts {
  id        BigInt  @id @default(autoincrement()) @mysql.UnsignedBigInt
  title     String  @mysql.VarChar(50)
  published Boolean @default(false)
}

`;

exports[`introspection: findMany where OR[contains, contains] : warnings 1`] = `[]`;

exports[`introspection: findMany where contains and boolean: datamodel 1`] = `
generator client {
  provider = "prisma-client-js"
  output = "***"
}

datasource mysql {
  provider = "mysql"
  url = "***"
}

model posts {
  id        BigInt  @id @default(autoincrement()) @mysql.UnsignedBigInt
  title     String  @mysql.VarChar(50)
  published Boolean @default(false)
}

`;

exports[`introspection: findMany where contains and boolean: warnings 1`] = `[]`;

exports[`introspection: findMany where contains: datamodel 1`] = `
generator client {
  provider = "prisma-client-js"
  output = "***"
}

datasource mysql {
  provider = "mysql"
  url = "***"
}

model crons {
  id        BigInt  @id @default(autoincrement()) @mysql.UnsignedBigInt
  job       String  @unique(map: "job") @mysql.VarChar(50)
  frequency String? @mysql.Text
}

`;

exports[`introspection: findMany where contains: warnings 1`] = `[]`;

exports[`introspection: findMany where datetime exact: datamodel 1`] = `
generator client {
  provider = "prisma-client-js"
  output = "***"
}

datasource mysql {
  provider = "mysql"
  url = "***"
}

model events {
  id   BigInt    @id @default(autoincrement()) @mysql.UnsignedBigInt
  time DateTime? @mysql.DateTime(0)
}

`;

exports[`introspection: findMany where datetime exact: warnings 1`] = `[]`;

exports[`introspection: findMany where datetime gt: datamodel 1`] = `
generator client {
  provider = "prisma-client-js"
  output = "***"
}

datasource mysql {
  provider = "mysql"
  url = "***"
}

model events {
  id   BigInt    @id @default(autoincrement()) @mysql.UnsignedBigInt
  time DateTime? @mysql.DateTime(0)
}

`;

exports[`introspection: findMany where datetime gt: warnings 1`] = `[]`;

exports[`introspection: findMany where datetime gte: datamodel 1`] = `
generator client {
  provider = "prisma-client-js"
  output = "***"
}

datasource mysql {
  provider = "mysql"
  url = "***"
}

model events {
  id   BigInt    @id @default(autoincrement()) @mysql.UnsignedBigInt
  time DateTime? @mysql.DateTime(0)
}

`;

exports[`introspection: findMany where datetime gte: warnings 1`] = `[]`;

exports[`introspection: findMany where datetime lt: datamodel 1`] = `
generator client {
  provider = "prisma-client-js"
  output = "***"
}

datasource mysql {
  provider = "mysql"
  url = "***"
}

model events {
  id   BigInt    @id @default(autoincrement()) @mysql.UnsignedBigInt
  time DateTime? @mysql.DateTime(0)
}

`;

exports[`introspection: findMany where datetime lt: warnings 1`] = `[]`;

exports[`introspection: findMany where datetime lte - check instanceof Date: datamodel 1`] = `
generator client {
  provider = "prisma-client-js"
  output = "***"
}

datasource mysql {
  provider = "mysql"
  url = "***"
}

model posts {
  id         BigInt   @id @default(autoincrement()) @mysql.UnsignedBigInt
  title      String   @mysql.VarChar(50)
  created_at DateTime @default(now()) @mysql.DateTime(0)
}

`;

exports[`introspection: findMany where datetime lte - check instanceof Date: warnings 1`] = `[]`;

exports[`introspection: findMany where datetime lte: datamodel 1`] = `
generator client {
  provider = "prisma-client-js"
  output = "***"
}

datasource mysql {
  provider = "mysql"
  url = "***"
}

model events {
  id   BigInt    @id @default(autoincrement()) @mysql.UnsignedBigInt
  time DateTime? @mysql.DateTime(0)
}

`;

exports[`introspection: findMany where datetime lte: warnings 1`] = `[]`;

exports[`introspection: findMany where datetime not: datamodel 1`] = `
generator client {
  provider = "prisma-client-js"
  output = "***"
}

datasource mysql {
  provider = "mysql"
  url = "***"
}

model events {
  id   BigInt    @id @default(autoincrement()) @mysql.UnsignedBigInt
  time DateTime? @mysql.DateTime(0)
}

`;

exports[`introspection: findMany where datetime not: warnings 1`] = `[]`;

exports[`introspection: findMany where decimal: datamodel 1`] = `
generator client {
  provider = "prisma-client-js"
  output = "***"
}

datasource mysql {
  provider = "mysql"
  url = "***"
}

model exercises {
  id       BigInt  @id @default(autoincrement()) @mysql.UnsignedBigInt
  distance Decimal @mysql.Decimal(5, 3)
}

`;

exports[`introspection: findMany where decimal: warnings 1`] = `[]`;

exports[`introspection: findMany where empty in[]: datamodel 1`] = `
generator client {
  provider = "prisma-client-js"
  output = "***"
}

datasource mysql {
  provider = "mysql"
  url = "***"
}

model teams {
  id    BigInt @id @default(autoincrement()) @mysql.UnsignedBigInt
  token Int    @unique(map: "token")
  name  String @mysql.VarChar(50)
}

`;

exports[`introspection: findMany where empty in[]: warnings 1`] = `[]`;

exports[`introspection: findMany where empty notIn[]: datamodel 1`] = `
generator client {
  provider = "prisma-client-js"
  output = "***"
}

datasource mysql {
  provider = "mysql"
  url = "***"
}

model teams {
  id    BigInt @id @default(autoincrement()) @mysql.UnsignedBigInt
  token Int    @unique(map: "token")
  name  String @mysql.VarChar(50)
}

`;

exports[`introspection: findMany where empty notIn[]: warnings 1`] = `[]`;

exports[`introspection: findMany where endsWith: datamodel 1`] = `
generator client {
  provider = "prisma-client-js"
  output = "***"
}

datasource mysql {
  provider = "mysql"
  url = "***"
}

model crons {
  id        BigInt  @id @default(autoincrement()) @mysql.UnsignedBigInt
  job       String  @unique(map: "job") @mysql.VarChar(50)
  frequency String? @mysql.Text
}

`;

exports[`introspection: findMany where endsWith: warnings 1`] = `[]`;

exports[`introspection: findMany where id empty in[] and token in[]: datamodel 1`] = `
generator client {
  provider = "prisma-client-js"
  output = "***"
}

datasource mysql {
  provider = "mysql"
  url = "***"
}

model teams {
  id    BigInt @id @default(autoincrement()) @mysql.UnsignedBigInt
  token Int    @unique(map: "token")
  name  String @mysql.VarChar(50)
}

`;

exports[`introspection: findMany where id empty in[] and token in[]: warnings 1`] = `[]`;

exports[`introspection: findMany where in[integer]: datamodel 1`] = `
generator client {
  provider = "prisma-client-js"
  output = "***"
}

datasource mysql {
  provider = "mysql"
  url = "***"
}

model teams {
  id    BigInt @id @default(autoincrement()) @mysql.UnsignedBigInt
  token Int    @unique(map: "token")
  name  String @mysql.VarChar(50)
}

`;

exports[`introspection: findMany where in[integer]: warnings 1`] = `[]`;

exports[`introspection: findMany where in[string]: datamodel 1`] = `
generator client {
  provider = "prisma-client-js"
  output = "***"
}

datasource mysql {
  provider = "mysql"
  url = "***"
}

model crons {
  id        BigInt  @id @default(autoincrement()) @mysql.UnsignedBigInt
  job       String  @unique(map: "job") @mysql.VarChar(50)
  frequency String? @mysql.Text
}

`;

exports[`introspection: findMany where in[string]: warnings 1`] = `[]`;

exports[`introspection: findMany where notIn[]: datamodel 1`] = `
generator client {
  provider = "prisma-client-js"
  output = "***"
}

datasource mysql {
  provider = "mysql"
  url = "***"
}

model teams {
  id    BigInt @id @default(autoincrement()) @mysql.UnsignedBigInt
  token Int    @unique(map: "token")
  name  String @mysql.VarChar(50)
}

`;

exports[`introspection: findMany where notIn[]: warnings 1`] = `[]`;

exports[`introspection: findMany where null: datamodel 1`] = `
generator client {
  provider = "prisma-client-js"
  output = "***"
}

datasource mysql {
  provider = "mysql"
  url = "***"
}

model events {
  id   BigInt    @id @default(autoincrement()) @mysql.UnsignedBigInt
  time DateTime? @mysql.DateTime(0)
}

`;

exports[`introspection: findMany where null: warnings 1`] = `[]`;

exports[`introspection: findMany where startsWith: datamodel 1`] = `
generator client {
  provider = "prisma-client-js"
  output = "***"
}

datasource mysql {
  provider = "mysql"
  url = "***"
}

model crons {
  id        BigInt  @id @default(autoincrement()) @mysql.UnsignedBigInt
  job       String  @unique(map: "job") @mysql.VarChar(50)
  frequency String? @mysql.Text
}

`;

exports[`introspection: findMany where startsWith: warnings 1`] = `[]`;

exports[`introspection: findMany where timestamp gt than now: datamodel 1`] = `
generator client {
  provider = "prisma-client-js"
  output = "***"
}

datasource mysql {
  provider = "mysql"
  url = "***"
}

model posts {
  id         BigInt   @id @default(autoincrement()) @mysql.UnsignedBigInt
  title      String   @mysql.VarChar(50)
  created_at DateTime @default(now()) @mysql.Timestamp(0)
}

`;

exports[`introspection: findMany where timestamp gt than now: warnings 1`] = `[]`;

exports[`introspection: findMany where timestamp gte than now: datamodel 1`] = `
generator client {
  provider = "prisma-client-js"
  output = "***"
}

datasource mysql {
  provider = "mysql"
  url = "***"
}

model posts {
  id         BigInt   @id @default(autoincrement()) @mysql.UnsignedBigInt
  title      String   @mysql.VarChar(50)
  created_at DateTime @default(now()) @mysql.Timestamp(0)
}

`;

exports[`introspection: findMany where timestamp gte than now: warnings 1`] = `[]`;

exports[`introspection: findMany where timestamp lt than now: datamodel 1`] = `
generator client {
  provider = "prisma-client-js"
  output = "***"
}

datasource mysql {
  provider = "mysql"
  url = "***"
}

model posts {
  id         BigInt   @id @default(autoincrement()) @mysql.UnsignedBigInt
  title      String   @mysql.VarChar(50)
  created_at DateTime @default(now()) @mysql.Timestamp(0)
}

`;

exports[`introspection: findMany where timestamp lt than now: warnings 1`] = `[]`;

exports[`introspection: findMany where unique: datamodel 1`] = `
generator client {
  provider = "prisma-client-js"
  output = "***"
}

datasource mysql {
  provider = "mysql"
  url = "***"
}

model users {
  id    BigInt @id @default(autoincrement()) @mysql.UnsignedBigInt
  email String @unique(map: "email") @mysql.VarChar(50)
}

`;

exports[`introspection: findMany where unique: warnings 1`] = `[]`;

exports[`introspection: findUnique where PK with include: datamodel 1`] = `
generator client {
  provider = "prisma-client-js"
  output = "***"
}

datasource mysql {
  provider = "mysql"
  url = "***"
}

model posts {
  id      BigInt @id @default(autoincrement()) @mysql.UnsignedBigInt
  user_id BigInt @mysql.UnsignedBigInt
  title   String @mysql.VarChar(50)
  users   users  @relation(fields: [user_id], references: [id], map: "posts_ibfk_1")

  @@index([user_id], map: "user_id")
}

model users {
  id    BigInt  @id @default(autoincrement()) @mysql.UnsignedBigInt
  email String  @unique(map: "email") @mysql.VarChar(50)
  posts posts[]
}

`;

exports[`introspection: findUnique where PK with include: warnings 1`] = `[]`;

exports[`introspection: findUnique where PK with select: datamodel 1`] = `
generator client {
  provider = "prisma-client-js"
  output = "***"
}

datasource mysql {
  provider = "mysql"
  url = "***"
}

model teams {
  id    Int    @id
  name  String @unique(map: "name") @mysql.VarChar(50)
  email String @unique(map: "email") @mysql.VarChar(50)
}

`;

exports[`introspection: findUnique where PK with select: warnings 1`] = `[]`;

exports[`introspection: findUnique where PK: datamodel 1`] = `
generator client {
  provider = "prisma-client-js"
  output = "***"
}

datasource mysql {
  provider = "mysql"
  url = "***"
}

model teams {
  id   Int    @id
  name String @unique(map: "name") @mysql.VarChar(50)
}

`;

exports[`introspection: findUnique where PK: warnings 1`] = `[]`;

exports[`introspection: findUnique where composite PK with foreign key: datamodel 1`] = `
generator client {
  provider = "prisma-client-js"
  output = "***"
}

datasource mysql {
  provider = "mysql"
  url = "***"
}

model a {
  one Int
  two Int
  b   b[]

  @@id([one, two])
}

model b {
  id  BigInt @id @default(autoincrement()) @mysql.UnsignedBigInt
  one Int
  two Int
  a   a      @relation(fields: [one, two], references: [one, two], onUpdate: Restrict, map: "b_ibfk_1")

  @@index([one, two], map: "one")
}

`;

exports[`introspection: findUnique where composite PK with foreign key: warnings 1`] = `[]`;

exports[`introspection: findUnique where composite PK: datamodel 1`] = `
generator client {
  provider = "prisma-client-js"
  output = "***"
}

datasource mysql {
  provider = "mysql"
  url = "***"
}

model variables {
  name  String @mysql.VarChar(50)
  key   String @mysql.VarChar(50)
  value String @mysql.VarChar(50)
  email String @mysql.VarChar(50)

  @@id([name, key])
}

`;

exports[`introspection: findUnique where composite PK: warnings 1`] = `[]`;

exports[`introspection: findUnique where composite unique: datamodel 1`] = `
generator client {
  provider = "prisma-client-js"
  output = "***"
}

datasource mysql {
  provider = "mysql"
  url = "***"
}

model users {
  id    BigInt @id @default(autoincrement()) @mysql.UnsignedBigInt
  email String @mysql.VarChar(50)
  name  String @mysql.VarChar(50)

  @@unique([email, name])
}

`;

exports[`introspection: findUnique where composite unique: warnings 1`] = `[]`;

exports[`introspection: findUnique where decimal: datamodel 1`] = `
generator client {
  provider = "prisma-client-js"
  output = "***"
}

datasource mysql {
  provider = "mysql"
  url = "***"
}

model exercises {
  id       BigInt  @id @default(autoincrement()) @mysql.UnsignedBigInt
  distance Decimal @unique(map: "distance") @mysql.Decimal(5, 3)
}

`;

exports[`introspection: findUnique where decimal: warnings 1`] = `[]`;

exports[`introspection: findUnique where unique composite (PK is a composite): datamodel 1`] = `
generator client {
  provider = "prisma-client-js"
  output = "***"
}

datasource mysql {
  provider = "mysql"
  url = "***"
}

model variables {
  name  String @mysql.VarChar(50)
  key   String @mysql.VarChar(50)
  value String @mysql.VarChar(50)
  email String @mysql.VarChar(50)

  @@id([name, key])
  @@unique([value, email])
}

`;

exports[`introspection: findUnique where unique composite (PK is a composite): warnings 1`] = `[]`;

exports[`introspection: findUnique where unique composite: datamodel 1`] = `
generator client {
  provider = "prisma-client-js"
  output = "***"
}

datasource mysql {
  provider = "mysql"
  url = "***"
}

model variables {
  id    BigInt @id @default(autoincrement()) @mysql.UnsignedBigInt
  name  String @mysql.VarChar(50)
  key   String @mysql.VarChar(50)
  value String @mysql.VarChar(50)
  email String @mysql.VarChar(50)

  @@unique([name, key])
}

`;

exports[`introspection: findUnique where unique composite: warnings 1`] = `[]`;

exports[`introspection: findUnique where unique with foreign key and unpack: datamodel 1`] = `
generator client {
  provider = "prisma-client-js"
  output = "***"
}

datasource mysql {
  provider = "mysql"
  url = "***"
}

model posts {
  id      BigInt @id @default(autoincrement()) @mysql.UnsignedBigInt
  user_id BigInt @mysql.UnsignedBigInt
  title   String @mysql.VarChar(50)
  users   users  @relation(fields: [user_id], references: [id], map: "posts_ibfk_1")

  @@index([user_id], map: "user_id")
}

model users {
  id    BigInt  @id @default(autoincrement()) @mysql.UnsignedBigInt
  email String  @unique(map: "email") @mysql.VarChar(50)
  posts posts[]
}

`;

exports[`introspection: findUnique where unique with foreign key and unpack: warnings 1`] = `[]`;

exports[`introspection: findUnique where unique: datamodel 1`] = `
generator client {
  provider = "prisma-client-js"
  output = "***"
}

datasource mysql {
  provider = "mysql"
  url = "***"
}

model users {
  id    BigInt @id @default(autoincrement()) @mysql.UnsignedBigInt
  email String @unique(map: "email") @mysql.VarChar(50)
}

`;

exports[`introspection: findUnique where unique: warnings 1`] = `[]`;

exports[`introspection: update where composite PK: datamodel 1`] = `
generator client {
  provider = "prisma-client-js"
  output = "***"
}

datasource mysql {
  provider = "mysql"
  url = "***"
}

model variables {
  name  String @mysql.VarChar(50)
  key   String @mysql.VarChar(50)
  value String @mysql.VarChar(50)
  email String @mysql.VarChar(50)

  @@id([name, key])
}

`;

exports[`introspection: update where composite PK: warnings 1`] = `[]`;

exports[`introspection: update where composite unique: datamodel 1`] = `
generator client {
  provider = "prisma-client-js"
  output = "***"
}

datasource mysql {
  provider = "mysql"
  url = "***"
}

model users {
  id    BigInt @id @default(autoincrement()) @mysql.UnsignedBigInt
  email String @mysql.VarChar(50)
  name  String @mysql.VarChar(50)

  @@unique([email, name])
}

`;

exports[`introspection: update where composite unique: warnings 1`] = `[]`;

exports[`introspection: update where integer data: datamodel 1`] = `
generator client {
  provider = "prisma-client-js"
  output = "***"
}

datasource mysql {
  provider = "mysql"
  url = "***"
}

model teams {
  id    BigInt @id @default(autoincrement()) @mysql.UnsignedBigInt
  token Int    @unique(map: "token")
}

`;

exports[`introspection: update where integer data: warnings 1`] = `[]`;

exports[`introspection: update where with boolean data and select: datamodel 1`] = `
generator client {
  provider = "prisma-client-js"
  output = "***"
}

datasource mysql {
  provider = "mysql"
  url = "***"
}

model teams {
  id     BigInt  @id @default(autoincrement()) @mysql.UnsignedBigInt
  name   String  @unique(map: "name") @mysql.VarChar(50)
  active Boolean @default(true)
}

`;

exports[`introspection: update where with boolean data and select: warnings 1`] = `[]`;

exports[`introspection: update where with boolean data: datamodel 1`] = `
generator client {
  provider = "prisma-client-js"
  output = "***"
}

datasource mysql {
  provider = "mysql"
  url = "***"
}

model teams {
  id     BigInt  @id @default(autoincrement()) @mysql.UnsignedBigInt
  name   String  @unique(map: "name") @mysql.VarChar(50)
  active Boolean @default(true)
}

`;

exports[`introspection: update where with boolean data: warnings 1`] = `[]`;

exports[`introspection: update where with numeric data: datamodel 1`] = `
generator client {
  provider = "prisma-client-js"
  output = "***"
}

datasource mysql {
  provider = "mysql"
  url = "***"
}

model teams {
  id   BigInt @id @default(autoincrement()) @mysql.UnsignedBigInt
  name String @unique(map: "name") @mysql.VarChar(50)
}

`;

exports[`introspection: update where with numeric data: warnings 1`] = `[]`;

exports[`introspection: update where with string data: datamodel 1`] = `
generator client {
  provider = "prisma-client-js"
  output = "***"
}

datasource mysql {
  provider = "mysql"
  url = "***"
}

model teams {
  id   BigInt @id @default(autoincrement()) @mysql.UnsignedBigInt
  name String @unique(map: "name") @mysql.VarChar(50)
}

`;

exports[`introspection: update where with string data: warnings 1`] = `[]`;

exports[`introspection: update with data - not null enum - check findMany: datamodel 1`] = `
generator client {
  provider = "prisma-client-js"
  output = "***"
}

datasource mysql {
  provider = "mysql"
  url = "***"
}

model posts {
  id        BigInt          @id @default(autoincrement()) @mysql.UnsignedBigInt
  title     String          @mysql.VarChar(50)
  published posts_published @default(DRAFT)
}

enum posts_published {
  DRAFT
  PUBLISHED
}

`;

exports[`introspection: update with data - not null enum - check findMany: warnings 1`] = `[]`;

exports[`introspection: update with data - not null enum: datamodel 1`] = `
generator client {
  provider = "prisma-client-js"
  output = "***"
}

datasource mysql {
  provider = "mysql"
  url = "***"
}

model posts {
  id        BigInt          @id @default(autoincrement()) @mysql.UnsignedBigInt
  title     String          @mysql.VarChar(50)
  published posts_published @default(DRAFT)
}

enum posts_published {
  DRAFT
  PUBLISHED
}

`;

exports[`introspection: update with data - not null enum: warnings 1`] = `[]`;

exports[`introspection: updateMany where null - check findMany: datamodel 1`] = `
generator client {
  provider = "prisma-client-js"
  output = "***"
}

datasource mysql {
  provider = "mysql"
  url = "***"
}

model teams {
  id   BigInt  @id @default(autoincrement()) @mysql.UnsignedBigInt
  name String? @mysql.Text
}

`;

exports[`introspection: updateMany where null - check findMany: warnings 1`] = `[]`;

exports[`introspection: updateMany where with string data - check findMany: datamodel 1`] = `
generator client {
  provider = "prisma-client-js"
  output = "***"
}

datasource mysql {
  provider = "mysql"
  url = "***"
}

model teams {
  id   BigInt @id @default(autoincrement()) @mysql.UnsignedBigInt
  name String @mysql.VarChar(50)
}

`;

exports[`introspection: updateMany where with string data - check findMany: warnings 1`] = `[]`;

exports[`introspection: updateMany with data - not null enum - check count: datamodel 1`] = `
generator client {
  provider = "prisma-client-js"
  output = "***"
}

datasource mysql {
  provider = "mysql"
  url = "***"
}

model posts {
  id        BigInt          @id @default(autoincrement()) @mysql.UnsignedBigInt
  title     String          @mysql.VarChar(50)
  published posts_published @default(DRAFT)
}

enum posts_published {
  DRAFT
  PUBLISHED
}

`;

exports[`introspection: updateMany with data - not null enum - check count: warnings 1`] = `[]`;

exports[`introspection: upsert (create): datamodel 1`] = `
generator client {
  provider = "prisma-client-js"
  output = "***"
}

datasource mysql {
  provider = "mysql"
  url = "***"
}

model posts {
  id        BigInt  @id @default(autoincrement()) @mysql.UnsignedBigInt
  title     String  @mysql.VarChar(50)
  published Boolean @default(false)
}

`;

exports[`introspection: upsert (create): warnings 1`] = `[]`;

exports[`introspection: upsert (update): datamodel 1`] = `
generator client {
  provider = "prisma-client-js"
  output = "***"
}

datasource mysql {
  provider = "mysql"
  url = "***"
}

model posts {
  id        BigInt  @id @default(autoincrement()) @mysql.UnsignedBigInt
  title     String  @mysql.VarChar(50)
  published Boolean @default(false)
}

`;

exports[`introspection: upsert (update): warnings 1`] = `[]`;

exports[`introspection: upsert where composite PK - create: datamodel 1`] = `
generator client {
  provider = "prisma-client-js"
  output = "***"
}

datasource mysql {
  provider = "mysql"
  url = "***"
}

model variables {
  name  String @mysql.VarChar(50)
  key   String @mysql.VarChar(50)
  value String @mysql.VarChar(50)
  email String @mysql.VarChar(50)

  @@id([name, key])
}

`;

exports[`introspection: upsert where composite PK - create: warnings 1`] = `[]`;

exports[`introspection: upsert where composite PK - update: datamodel 1`] = `
generator client {
  provider = "prisma-client-js"
  output = "***"
}

datasource mysql {
  provider = "mysql"
  url = "***"
}

model variables {
  name  String @mysql.VarChar(50)
  key   String @mysql.VarChar(50)
  value String @mysql.VarChar(50)
  email String @mysql.VarChar(50)

  @@id([name, key])
}

`;

exports[`introspection: upsert where composite PK - update: warnings 1`] = `[]`;
