// Jest Snapshot v1, https://goo.gl/fbAQLP

exports[`Blog fixture: Cockroachdb $queryRaw $queryRaw(string) error 1`] = `
\`$queryRaw\` is a tag function, please use it like the following:
\`\`\`
const result = await prisma.$queryRaw\`SELECT * FROM User WHERE id = \${1} OR email = \${'user@email.com'};\`
\`\`\`

Or read our docs at https://www.prisma.io/docs/concepts/components/prisma-client/raw-database-access#queryraw

`;
