// Jest Snapshot v1, https://goo.gl/fbAQLP

exports[`handlePanic ask to submit the panic error in interactive mode 1`] = `
"Oops, an unexpected error occured!
Some error message!

Please help us improve Prisma by submitting an error report.
Error reports never contain personal or other sensitive information.
Learn more: https://pris.ly/d/telemetry
"
`;
