// Jest Snapshot v1, https://goo.gl/fbAQLP

exports[`sqlite existingdb: 1 unexecutable schema change with --create-only should succeed 3`] = `
[
  [
    
⚠️ We found changes that cannot be executed:

  • Step 0 Made the column \`fullname\` on table \`Blog\` required, but there are 1 existing NULL values.
,
  ],
]
`;
