// Jest Snapshot v1, https://goo.gl/fbAQLP

exports[`loadConfigFromFile invalid fails with \`TypeScriptImportFailed\` when the Prisma config file has a syntax error 1`] = `
"  [31mÃ—[0m Unexpected eof
   â•­â”€[[36;1;4m<prisma-config>.ts[0m:5:3]
 [2m3[0m â”‚ export default defineConfig({
 [2m4[0m â”‚   earlyAccess: true,
 [2m5[0m â”‚ }
   â•°â”€â”€â”€â”€


Caused by:
    Syntax Error"
`;
