// Jest Snapshot v1, https://goo.gl/fbAQLP

exports[`should not load root .env file 1`] = `Array []`;
