// Jest Snapshot v1, https://goo.gl/fbAQLP

exports[`should read .env file in root folder and custom-path 1`] = `
Array [
  Array [
    Environment variables loaded from /tmp/dir/.env
Environment variables loaded from custom-path/.env,
  ],
]
`;
