// Jest Snapshot v1, https://goo.gl/fbAQLP

exports[`should work with a custom output dir 1`] = `

Prisma schema loaded from prisma/schema.prisma

âœ” Generated Prisma Client (2.11.0-dev.20) to ./generated/client in XXms
You can now start using Prisma Client in your code. Reference: https://pris.ly/d/client
\`\`\`
import { PrismaClient } from './generated/client'
const prisma = new PrismaClient()
\`\`\`

warn Prisma 2.12.0 has breaking changes.
You can update your code with npx @prisma/codemods update-2.12 ./
Read more at https://pris.ly/2.12
`;

exports[`should work with a custom output dir 2`] = `
Array [
  Object {
    email: bob@bob.bob,
    id: 1,
    name: Bobby Brown Sqlite,
  },
]
`;
