// Jest Snapshot v1, https://goo.gl/fbAQLP

exports[`can respond to \`create\` queries 1`] = `
Object {
  action: request,
  channel: -photon,
  payload: Object {
    data: Object {
      params: Object {
        action: create,
        args: Object {
          data: Object {
            datetime: 2020-08-03T00:00:00.000Z,
            float: 0,
            id: 3,
            int: 0,
            relation: Object {
              connect: Object {
                id: 3,
              },
            },
            relation_list: Object {
              connect: Object {
                id: 3,
              },
            },
            string: ,
          },
          select: Object {
            datetime: true,
            float: true,
            id: true,
            int: true,
            relation: true,
            relation_list: true,
            string: true,
          },
        },
        clientMethod: with_all_field_types.create,
        dataPath: Array [],
        model: with_all_field_types,
        runInTransaction: false,
      },
      response: Object {
        datetime: 2020-08-03T00:00:00.000Z,
        float: 0,
        id: 3,
        int: 0,
        relation: Object {
          id: 3,
          name: Relation Target 003,
          waft_id: 3,
        },
        relation_list: Array [
          Object {
            id: 3,
            name: Relation Target 003,
            waft_id: 3,
          },
        ],
        string: ,
      },
    },
    error: null,
  },
  requestId: 1,
}
`;

exports[`can respond to \`delete\` queries 1`] = `
Object {
  action: request,
  channel: -photon,
  payload: Object {
    data: Object {
      params: Object {
        action: delete,
        args: Object {
          select: Object {
            datetime: true,
            float: true,
            id: true,
            int: true,
            relation: true,
            relation_list: true,
            string: true,
          },
          where: Object {
            id: 2,
          },
        },
        clientMethod: with_all_field_types.delete,
        dataPath: Array [],
        model: with_all_field_types,
        runInTransaction: false,
      },
      response: Object {
        datetime: 1970-01-01T00:00:00.000Z,
        float: 0,
        id: 2,
        int: 0,
        relation: Object {
          id: 2,
          name: Relation Target 002,
          waft_id: 2,
        },
        relation_list: Array [],
        string: Delete me,
      },
    },
    error: null,
  },
  requestId: 1,
}
`;

exports[`can respond to \`findMany\` queries 1`] = `
Object {
  action: request,
  channel: -photon,
  payload: Object {
    data: Object {
      params: Object {
        action: findMany,
        args: Object {
          select: Object {
            datetime: true,
            float: true,
            id: true,
            int: true,
            relation: true,
            relation_list: true,
            string: true,
          },
        },
        clientMethod: with_all_field_types.findMany,
        dataPath: Array [],
        model: with_all_field_types,
        runInTransaction: false,
      },
      response: Array [
        Object {
          datetime: 2020-08-03T00:00:00.000Z,
          float: 3.14,
          id: 1,
          int: 42,
          relation: Object {
            id: 1,
            name: Relation Target 001,
            waft_id: 1,
          },
          relation_list: Array [],
          string: Some string,
        },
        Object {
          datetime: 1970-01-01T00:00:00.000Z,
          float: 0,
          id: 2,
          int: 0,
          relation: Object {
            id: 2,
            name: Relation Target 002,
            waft_id: 2,
          },
          relation_list: Array [],
          string: Delete me,
        },
      ],
    },
    error: null,
  },
  requestId: 1,
}
`;

exports[`can respond to \`update\` queries 1`] = `
Object {
  action: request,
  channel: -photon,
  payload: Object {
    data: Object {
      params: Object {
        action: update,
        args: Object {
          data: Object {
            datetime: 2025-08-03T00:00:00.000Z,
            float: 100.5,
            int: 100,
            relation: Object {
              connect: Object {
                id: 3,
              },
            },
            relation_list: Object {
              connect: Object {
                id: 3,
              },
            },
            string: Changed String,
          },
          select: Object {
            datetime: true,
            float: true,
            id: true,
            int: true,
            relation: true,
            relation_list: true,
            string: true,
          },
          where: Object {
            id: 1,
          },
        },
        clientMethod: with_all_field_types.update,
        dataPath: Array [],
        model: with_all_field_types,
        runInTransaction: false,
      },
      response: Object {
        datetime: 2025-08-03T00:00:00.000Z,
        float: 100.5,
        id: 1,
        int: 100,
        relation: Object {
          id: 3,
          name: Relation Target 003,
          waft_id: 1,
        },
        relation_list: Array [
          Object {
            id: 3,
            name: Relation Target 003,
            waft_id: 1,
          },
        ],
        string: Changed String,
      },
    },
    error: null,
  },
  requestId: 1,
}
`;
