// Jest Snapshot v1, https://goo.gl/fbAQLP

exports[`source-map-support 1`] = `

Invalid \`prisma.user.findOne()\` invocation:

{
  where: {
    id: null
        ~~~~
  }
}

Argument id for where.id must not be null. Please use undefined instead.


`;
