// Jest Snapshot v1, https://goo.gl/fbAQLP

exports[`source-map-support 1`] = `

Invalid \`prisma.user.findUnique()\` invocation:

{
  where: {
+   id: String
  }
}

Argument \`id\` must not be null.
`;
